src/pages/admin/AdminEmailTemplatesPage.tsx(1,8): error TS1259: Module '"C:/Users/user/Desktop/Dropshipping/Dev/DropCost Master/node_modules/@types/react/index"' can only be default-imported using the 'esModuleInterop' flag
src/pages/admin/AdminEmailTemplatesPage.tsx(2,22): error TS2307: Cannot find module '@/components/common/Card' or its corresponding type declarations.
src/pages/admin/AdminEmailTemplatesPage.tsx(3,24): error TS2307: Cannot find module '@/components/common/Button' or its corresponding type declarations.
src/pages/admin/AdminEmailTemplatesPage.tsx(4,71): error TS2307: Cannot find module '@/components/common' or its corresponding type declarations.
src/pages/admin/AdminEmailTemplatesPage.tsx(39,45): error TS2307: Cannot find module '@/services/configService' or its corresponding type declarations.
src/pages/admin/AdminEmailTemplatesPage.tsx(40,29): error TS2307: Cannot find module '@/services/userService' or its corresponding type declarations.
src/pages/admin/AdminEmailTemplatesPage.tsx(41,29): error TS2497: This module can only be referenced with ECMAScript imports/exports by turning on the 'esModuleInterop' flag and referencing its default export.
src/pages/admin/AdminEmailTemplatesPage.tsx(214,13): error TS17004: Cannot use JSX unless the '--jsx' flag is provided.
src/pages/admin/AdminEmailTemplatesPage.tsx(218,17): error TS17004: Cannot use JSX unless the '--jsx' flag is provided.
src/pages/admin/AdminEmailTemplatesPage.tsx(219,21): error TS17004: Cannot use JSX unless the '--jsx' flag is provided.
src/pages/admin/AdminEmailTemplatesPage.tsx(220,25): error TS17004: Cannot use JSX unless the '--jsx' flag is provided.
src/pages/admin/AdminEmailTemplatesPage.tsx(221,25): error TS17004: Cannot use JSX unless the '--jsx' flag is provided.
src/pages/admin/AdminEmailTemplatesPage.tsx(242,17): error TS17004: Cannot use JSX unless the '--jsx' flag is provided.
src/pages/admin/AdminEmailTemplatesPage.tsx(245,29): error TS17004: Cannot use JSX unless the '--jsx' flag is provided.
src/pages/admin/AdminEmailTemplatesPage.tsx(246,33): error TS17004: Cannot use JSX unless the '--jsx' flag is provided.
src/pages/admin/AdminEmailTemplatesPage.tsx(247,37): error TS17004: Cannot use JSX unless the '--jsx' flag is provided.
src/pages/admin/AdminEmailTemplatesPage.tsx(250,37): error TS17004: Cannot use JSX unless the '--jsx' flag is provided.
src/pages/admin/AdminEmailTemplatesPage.tsx(267,41): error TS17004: Cannot use JSX unless the '--jsx' flag is provided.
src/pages/admin/AdminEmailTemplatesPage.tsx(268,45): error TS17004: Cannot use JSX unless the '--jsx' flag is provided.
src/pages/admin/AdminEmailTemplatesPage.tsx(269,49): error TS17004: Cannot use JSX unless the '--jsx' flag is provided.
src/pages/admin/AdminEmailTemplatesPage.tsx(271,45): error TS17004: Cannot use JSX unless the '--jsx' flag is provided.
src/pages/admin/AdminEmailTemplatesPage.tsx(272,49): error TS17004: Cannot use JSX unless the '--jsx' flag is provided.
src/pages/admin/AdminEmailTemplatesPage.tsx(277,41): error TS17004: Cannot use JSX unless the '--jsx' flag is provided.
src/pages/admin/AdminEmailTemplatesPage.tsx(283,25): error TS17004: Cannot use JSX unless the '--jsx' flag is provided.
src/pages/admin/AdminEmailTemplatesPage.tsx(284,29): error TS17004: Cannot use JSX unless the '--jsx' flag is provided.
src/pages/admin/AdminEmailTemplatesPage.tsx(285,33): error TS17004: Cannot use JSX unless the '--jsx' flag is provided.
src/pages/admin/AdminEmailTemplatesPage.tsx(287,29): error TS17004: Cannot use JSX unless the '--jsx' flag is provided.
src/pages/admin/AdminEmailTemplatesPage.tsx(308,13): error TS17004: Cannot use JSX unless the '--jsx' flag is provided.
src/pages/admin/AdminEmailTemplatesPage.tsx(313,17): error TS17004: Cannot use JSX unless the '--jsx' flag is provided.
src/pages/admin/AdminEmailTemplatesPage.tsx(314,21): error TS17004: Cannot use JSX unless the '--jsx' flag is provided.
src/pages/admin/AdminEmailTemplatesPage.tsx(315,25): error TS17004: Cannot use JSX unless the '--jsx' flag is provided.
src/pages/admin/AdminEmailTemplatesPage.tsx(316,25): error TS17004: Cannot use JSX unless the '--jsx' flag is provided.
src/pages/admin/AdminEmailTemplatesPage.tsx(337,17): error TS17004: Cannot use JSX unless the '--jsx' flag is provided.
src/pages/admin/AdminEmailTemplatesPage.tsx(340,29): error TS17004: Cannot use JSX unless the '--jsx' flag is provided.
src/pages/admin/AdminEmailTemplatesPage.tsx(341,33): error TS17004: Cannot use JSX unless the '--jsx' flag is provided.
src/pages/admin/AdminEmailTemplatesPage.tsx(342,37): error TS17004: Cannot use JSX unless the '--jsx' flag is provided.
src/pages/admin/AdminEmailTemplatesPage.tsx(345,37): error TS17004: Cannot use JSX unless the '--jsx' flag is provided.
src/pages/admin/AdminEmailTemplatesPage.tsx(362,41): error TS17004: Cannot use JSX unless the '--jsx' flag is provided.
src/pages/admin/AdminEmailTemplatesPage.tsx(363,45): error TS17004: Cannot use JSX unless the '--jsx' flag is provided.
src/pages/admin/AdminEmailTemplatesPage.tsx(364,49): error TS17004: Cannot use JSX unless the '--jsx' flag is provided.
src/pages/admin/AdminEmailTemplatesPage.tsx(366,45): error TS17004: Cannot use JSX unless the '--jsx' flag is provided.
src/pages/admin/AdminEmailTemplatesPage.tsx(367,49): error TS17004: Cannot use JSX unless the '--jsx' flag is provided.
src/pages/admin/AdminEmailTemplatesPage.tsx(370,49): error TS17004: Cannot use JSX unless the '--jsx' flag is provided.
src/pages/admin/AdminEmailTemplatesPage.tsx(375,41): error TS17004: Cannot use JSX unless the '--jsx' flag is provided.
src/pages/admin/AdminEmailTemplatesPage.tsx(381,25): error TS17004: Cannot use JSX unless the '--jsx' flag is provided.
src/pages/admin/AdminEmailTemplatesPage.tsx(382,29): error TS17004: Cannot use JSX unless the '--jsx' flag is provided.
src/pages/admin/AdminEmailTemplatesPage.tsx(383,33): error TS17004: Cannot use JSX unless the '--jsx' flag is provided.
src/pages/admin/AdminEmailTemplatesPage.tsx(385,29): error TS17004: Cannot use JSX unless the '--jsx' flag is provided.
src/pages/admin/AdminEmailTemplatesPage.tsx(646,9): error TS17004: Cannot use JSX unless the '--jsx' flag is provided.
src/pages/admin/AdminEmailTemplatesPage.tsx(647,13): error TS17004: Cannot use JSX unless the '--jsx' flag is provided.
src/pages/admin/AdminEmailTemplatesPage.tsx(676,17): error TS17004: Cannot use JSX unless the '--jsx' flag is provided.
src/pages/admin/AdminEmailTemplatesPage.tsx(680,17): error TS17004: Cannot use JSX unless the '--jsx' flag is provided.
src/pages/admin/AdminEmailTemplatesPage.tsx(688,25): error TS17004: Cannot use JSX unless the '--jsx' flag is provided.
src/pages/admin/AdminEmailTemplatesPage.tsx(689,29): error TS17004: Cannot use JSX unless the '--jsx' flag is provided.
src/pages/admin/AdminEmailTemplatesPage.tsx(699,33): error TS17004: Cannot use JSX unless the '--jsx' flag is provided.
src/pages/admin/AdminEmailTemplatesPage.tsx(701,29): error TS17004: Cannot use JSX unless the '--jsx' flag is provided.
src/pages/admin/AdminEmailTemplatesPage.tsx(702,29): error TS17004: Cannot use JSX unless the '--jsx' flag is provided.
src/pages/admin/AdminEmailTemplatesPage.tsx(709,33): error TS17004: Cannot use JSX unless the '--jsx' flag is provided.
src/pages/admin/AdminEmailTemplatesPage.tsx(713,25): error TS17004: Cannot use JSX unless the '--jsx' flag is provided.
src/pages/admin/AdminEmailTemplatesPage.tsx(714,29): error TS17004: Cannot use JSX unless the '--jsx' flag is provided.
src/pages/admin/AdminEmailTemplatesPage.tsx(724,33): error TS17004: Cannot use JSX unless the '--jsx' flag is provided.
src/pages/admin/AdminEmailTemplatesPage.tsx(726,29): error TS17004: Cannot use JSX unless the '--jsx' flag is provided.
src/pages/admin/AdminEmailTemplatesPage.tsx(734,33): error TS17004: Cannot use JSX unless the '--jsx' flag is provided.
src/pages/admin/AdminEmailTemplatesPage.tsx(736,29): error TS17004: Cannot use JSX unless the '--jsx' flag is provided.
src/pages/admin/AdminEmailTemplatesPage.tsx(745,33): error TS17004: Cannot use JSX unless the '--jsx' flag is provided.
src/pages/admin/AdminEmailTemplatesPage.tsx(747,29): error TS17004: Cannot use JSX unless the '--jsx' flag is provided.
src/pages/admin/AdminEmailTemplatesPage.tsx(755,33): error TS17004: Cannot use JSX unless the '--jsx' flag is provided.
src/pages/admin/AdminEmailTemplatesPage.tsx(757,29): error TS17004: Cannot use JSX unless the '--jsx' flag is provided.
src/pages/admin/AdminEmailTemplatesPage.tsx(758,29): error TS17004: Cannot use JSX unless the '--jsx' flag is provided.
src/pages/admin/AdminEmailTemplatesPage.tsx(765,33): error TS17004: Cannot use JSX unless the '--jsx' flag is provided.
src/pages/admin/AdminEmailTemplatesPage.tsx(784,27): error TS17004: Cannot use JSX unless the '--jsx' flag is provided.
src/pages/admin/AdminEmailTemplatesPage.tsx(784,69): error TS17004: Cannot use JSX unless the '--jsx' flag is provided.
src/pages/admin/AdminEmailTemplatesPage.tsx(809,9): error TS17004: Cannot use JSX unless the '--jsx' flag is provided.
src/pages/admin/AdminEmailTemplatesPage.tsx(811,13): error TS17004: Cannot use JSX unless the '--jsx' flag is provided.
src/pages/admin/AdminEmailTemplatesPage.tsx(812,17): error TS17004: Cannot use JSX unless the '--jsx' flag is provided.
src/pages/admin/AdminEmailTemplatesPage.tsx(813,21): error TS17004: Cannot use JSX unless the '--jsx' flag is provided.
src/pages/admin/AdminEmailTemplatesPage.tsx(816,21): error TS17004: Cannot use JSX unless the '--jsx' flag is provided.
src/pages/admin/AdminEmailTemplatesPage.tsx(823,17): error TS17004: Cannot use JSX unless the '--jsx' flag is provided.
src/pages/admin/AdminEmailTemplatesPage.tsx(825,21): error TS17004: Cannot use JSX unless the '--jsx' flag is provided.
src/pages/admin/AdminEmailTemplatesPage.tsx(834,25): error TS17004: Cannot use JSX unless the '--jsx' flag is provided.
src/pages/admin/AdminEmailTemplatesPage.tsx(835,29): error TS17004: Cannot use JSX unless the '--jsx' flag is provided.
src/pages/admin/AdminEmailTemplatesPage.tsx(836,33): error TS17004: Cannot use JSX unless the '--jsx' flag is provided.
src/pages/admin/AdminEmailTemplatesPage.tsx(837,33): error TS17004: Cannot use JSX unless the '--jsx' flag is provided.
src/pages/admin/AdminEmailTemplatesPage.tsx(857,29): error TS17004: Cannot use JSX unless the '--jsx' flag is provided.
src/pages/admin/AdminEmailTemplatesPage.tsx(876,33): error TS17004: Cannot use JSX unless the '--jsx' flag is provided.
src/pages/admin/AdminEmailTemplatesPage.tsx(877,33): error TS17004: Cannot use JSX unless the '--jsx' flag is provided.
src/pages/admin/AdminEmailTemplatesPage.tsx(878,33): error TS17004: Cannot use JSX unless the '--jsx' flag is provided.
src/pages/admin/AdminEmailTemplatesPage.tsx(882,25): error TS17004: Cannot use JSX unless the '--jsx' flag is provided.
src/pages/admin/AdminEmailTemplatesPage.tsx(883,29): error TS17004: Cannot use JSX unless the '--jsx' flag is provided.
src/pages/admin/AdminEmailTemplatesPage.tsx(884,33): error TS17004: Cannot use JSX unless the '--jsx' flag is provided.
src/pages/admin/AdminEmailTemplatesPage.tsx(902,37): error TS17004: Cannot use JSX unless the '--jsx' flag is provided.
src/pages/admin/AdminEmailTemplatesPage.tsx(904,33): error TS17004: Cannot use JSX unless the '--jsx' flag is provided.
src/pages/admin/AdminEmailTemplatesPage.tsx(922,37): error TS17004: Cannot use JSX unless the '--jsx' flag is provided.
src/pages/admin/AdminEmailTemplatesPage.tsx(925,29): error TS17004: Cannot use JSX unless the '--jsx' flag is provided.
src/pages/admin/AdminEmailTemplatesPage.tsx(926,33): error TS17004: Cannot use JSX unless the '--jsx' flag is provided.
src/pages/admin/AdminEmailTemplatesPage.tsx(932,47): error TS17004: Cannot use JSX unless the '--jsx' flag is provided.
src/pages/admin/AdminEmailTemplatesPage.tsx(937,33): error TS17004: Cannot use JSX unless the '--jsx' flag is provided.
src/pages/admin/AdminEmailTemplatesPage.tsx(942,47): error TS17004: Cannot use JSX unless the '--jsx' flag is provided.
src/pages/admin/AdminEmailTemplatesPage.tsx(953,25): error TS17004: Cannot use JSX unless the '--jsx' flag is provided.
src/pages/admin/AdminEmailTemplatesPage.tsx(954,29): error TS17004: Cannot use JSX unless the '--jsx' flag is provided.
src/pages/admin/AdminEmailTemplatesPage.tsx(958,37): error TS17004: Cannot use JSX unless the '--jsx' flag is provided.
src/pages/admin/AdminEmailTemplatesPage.tsx(959,41): error TS17004: Cannot use JSX unless the '--jsx' flag is provided.
src/pages/admin/AdminEmailTemplatesPage.tsx(960,41): error TS17004: Cannot use JSX unless the '--jsx' flag is provided.
src/pages/admin/AdminEmailTemplatesPage.tsx(973,21): error TS17004: Cannot use JSX unless the '--jsx' flag is provided.
src/pages/admin/AdminEmailTemplatesPage.tsx(974,25): error TS17004: Cannot use JSX unless the '--jsx' flag is provided.
src/pages/admin/AdminEmailTemplatesPage.tsx(981,29): error TS17004: Cannot use JSX unless the '--jsx' flag is provided.
src/pages/admin/AdminEmailTemplatesPage.tsx(982,33): error TS17004: Cannot use JSX unless the '--jsx' flag is provided.
src/pages/admin/AdminEmailTemplatesPage.tsx(983,37): error TS17004: Cannot use JSX unless the '--jsx' flag is provided.
src/pages/admin/AdminEmailTemplatesPage.tsx(984,41): error TS17004: Cannot use JSX unless the '--jsx' flag is provided.
src/pages/admin/AdminEmailTemplatesPage.tsx(985,45): error TS17004: Cannot use JSX unless the '--jsx' flag is provided.
src/pages/admin/AdminEmailTemplatesPage.tsx(986,45): error TS17004: Cannot use JSX unless the '--jsx' flag is provided.
src/pages/admin/AdminEmailTemplatesPage.tsx(987,45): error TS17004: Cannot use JSX unless the '--jsx' flag is provided.
src/pages/admin/AdminEmailTemplatesPage.tsx(988,45): error TS17004: Cannot use JSX unless the '--jsx' flag is provided.
src/pages/admin/AdminEmailTemplatesPage.tsx(989,45): error TS17004: Cannot use JSX unless the '--jsx' flag is provided.
src/pages/admin/AdminEmailTemplatesPage.tsx(990,45): error TS17004: Cannot use JSX unless the '--jsx' flag is provided.
src/pages/admin/AdminEmailTemplatesPage.tsx(993,37): error TS17004: Cannot use JSX unless the '--jsx' flag is provided.
src/pages/admin/AdminEmailTemplatesPage.tsx(995,45): error TS17004: Cannot use JSX unless the '--jsx' flag is provided.
src/pages/admin/AdminEmailTemplatesPage.tsx(996,49): error TS17004: Cannot use JSX unless the '--jsx' flag is provided.
src/pages/admin/AdminEmailTemplatesPage.tsx(997,53): error TS17004: Cannot use JSX unless the '--jsx' flag is provided.
src/pages/admin/AdminEmailTemplatesPage.tsx(998,57): error TS17004: Cannot use JSX unless the '--jsx' flag is provided.
src/pages/admin/AdminEmailTemplatesPage.tsx(999,57): error TS17004: Cannot use JSX unless the '--jsx' flag is provided.
src/pages/admin/AdminEmailTemplatesPage.tsx(1005,49): error TS17004: Cannot use JSX unless the '--jsx' flag is provided.
src/pages/admin/AdminEmailTemplatesPage.tsx(1027,53): error TS17004: Cannot use JSX unless the '--jsx' flag is provided.
src/pages/admin/AdminEmailTemplatesPage.tsx(1028,57): error TS17004: Cannot use JSX unless the '--jsx' flag is provided.
src/pages/admin/AdminEmailTemplatesPage.tsx(1029,61): error TS17004: Cannot use JSX unless the '--jsx' flag is provided.
src/pages/admin/AdminEmailTemplatesPage.tsx(1041,83): error TS17004: Cannot use JSX unless the '--jsx' flag is provided.
src/pages/admin/AdminEmailTemplatesPage.tsx(1041,119): error TS17004: Cannot use JSX unless the '--jsx' flag is provided.
src/pages/admin/AdminEmailTemplatesPage.tsx(1043,61): error TS17004: Cannot use JSX unless the '--jsx' flag is provided.
src/pages/admin/AdminEmailTemplatesPage.tsx(1044,65): error TS17004: Cannot use JSX unless the '--jsx' flag is provided.
src/pages/admin/AdminEmailTemplatesPage.tsx(1047,65): error TS17004: Cannot use JSX unless the '--jsx' flag is provided.
src/pages/admin/AdminEmailTemplatesPage.tsx(1053,53): error TS17004: Cannot use JSX unless the '--jsx' flag is provided.
src/pages/admin/AdminEmailTemplatesPage.tsx(1054,57): error TS17004: Cannot use JSX unless the '--jsx' flag is provided.
src/pages/admin/AdminEmailTemplatesPage.tsx(1055,61): error TS17004: Cannot use JSX unless the '--jsx' flag is provided.
src/pages/admin/AdminEmailTemplatesPage.tsx(1057,69): error TS17004: Cannot use JSX unless the '--jsx' flag is provided.
src/pages/admin/AdminEmailTemplatesPage.tsx(1058,73): error TS17004: Cannot use JSX unless the '--jsx' flag is provided.
src/pages/admin/AdminEmailTemplatesPage.tsx(1061,69): error TS17004: Cannot use JSX unless the '--jsx' flag is provided.
src/pages/admin/AdminEmailTemplatesPage.tsx(1062,73): error TS17004: Cannot use JSX unless the '--jsx' flag is provided.
src/pages/admin/AdminEmailTemplatesPage.tsx(1067,65): error TS17004: Cannot use JSX unless the '--jsx' flag is provided.
src/pages/admin/AdminEmailTemplatesPage.tsx(1082,53): error TS17004: Cannot use JSX unless the '--jsx' flag is provided.
src/pages/admin/AdminEmailTemplatesPage.tsx(1083,57): error TS17004: Cannot use JSX unless the '--jsx' flag is provided.
src/pages/admin/AdminEmailTemplatesPage.tsx(1087,53): error TS17004: Cannot use JSX unless the '--jsx' flag is provided.
src/pages/admin/AdminEmailTemplatesPage.tsx(1088,57): error TS17004: Cannot use JSX unless the '--jsx' flag is provided.
src/pages/admin/AdminEmailTemplatesPage.tsx(1089,61): error TS17004: Cannot use JSX unless the '--jsx' flag is provided.
src/pages/admin/AdminEmailTemplatesPage.tsx(1092,61): error TS17004: Cannot use JSX unless the '--jsx' flag is provided.
src/pages/admin/AdminEmailTemplatesPage.tsx(1097,53): error TS17004: Cannot use JSX unless the '--jsx' flag is provided.
src/pages/admin/AdminEmailTemplatesPage.tsx(1098,57): error TS17004: Cannot use JSX unless the '--jsx' flag is provided.
src/pages/admin/AdminEmailTemplatesPage.tsx(1099,61): error TS17004: Cannot use JSX unless the '--jsx' flag is provided.
src/pages/admin/AdminEmailTemplatesPage.tsx(1115,61): error TS17004: Cannot use JSX unless the '--jsx' flag is provided.
src/pages/admin/AdminEmailTemplatesPage.tsx(1116,65): error TS17004: Cannot use JSX unless the '--jsx' flag is provided.
src/pages/admin/AdminEmailTemplatesPage.tsx(1119,65): error TS17004: Cannot use JSX unless the '--jsx' flag is provided.
src/pages/admin/AdminEmailTemplatesPage.tsx(1123,53): error TS17004: Cannot use JSX unless the '--jsx' flag is provided.
src/pages/admin/AdminEmailTemplatesPage.tsx(1124,57): error TS17004: Cannot use JSX unless the '--jsx' flag is provided.
src/pages/admin/AdminEmailTemplatesPage.tsx(1135,21): error TS17004: Cannot use JSX unless the '--jsx' flag is provided.
src/pages/admin/AdminEmailTemplatesPage.tsx(1140,25): error TS17004: Cannot use JSX unless the '--jsx' flag is provided.
src/pages/admin/AdminEmailTemplatesPage.tsx(1142,33): error TS17004: Cannot use JSX unless the '--jsx' flag is provided.
src/pages/admin/AdminEmailTemplatesPage.tsx(1143,37): error TS17004: Cannot use JSX unless the '--jsx' flag is provided.
src/pages/admin/AdminEmailTemplatesPage.tsx(1149,37): error TS17004: Cannot use JSX unless the '--jsx' flag is provided.
src/pages/admin/AdminEmailTemplatesPage.tsx(1157,33): error TS17004: Cannot use JSX unless the '--jsx' flag is provided.
src/pages/admin/AdminEmailTemplatesPage.tsx(1158,37): error TS17004: Cannot use JSX unless the '--jsx' flag is provided.
src/pages/admin/AdminEmailTemplatesPage.tsx(1168,37): error TS17004: Cannot use JSX unless the '--jsx' flag is provided.
src/pages/admin/AdminEmailTemplatesPage.tsx(1169,41): error TS17004: Cannot use JSX unless the '--jsx' flag is provided.
src/pages/admin/AdminEmailTemplatesPage.tsx(1170,41): error TS17004: Cannot use JSX unless the '--jsx' flag is provided.
src/pages/admin/AdminEmailTemplatesPage.tsx(1182,45): error TS17004: Cannot use JSX unless the '--jsx' flag is provided.
src/pages/admin/AdminEmailTemplatesPage.tsx(1183,45): error TS17004: Cannot use JSX unless the '--jsx' flag is provided.
src/pages/admin/AdminEmailTemplatesPage.tsx(1184,45): error TS17004: Cannot use JSX unless the '--jsx' flag is provided.
src/pages/admin/AdminEmailTemplatesPage.tsx(1185,45): error TS17004: Cannot use JSX unless the '--jsx' flag is provided.
src/pages/admin/AdminEmailTemplatesPage.tsx(1186,45): error TS17004: Cannot use JSX unless the '--jsx' flag is provided.
src/pages/admin/AdminEmailTemplatesPage.tsx(1187,45): error TS17004: Cannot use JSX unless the '--jsx' flag is provided.
src/pages/admin/AdminEmailTemplatesPage.tsx(1188,45): error TS17004: Cannot use JSX unless the '--jsx' flag is provided.
src/pages/admin/AdminEmailTemplatesPage.tsx(1192,37): error TS17004: Cannot use JSX unless the '--jsx' flag is provided.
src/pages/admin/AdminEmailTemplatesPage.tsx(1193,41): error TS17004: Cannot use JSX unless the '--jsx' flag is provided.
src/pages/admin/AdminEmailTemplatesPage.tsx(1194,41): error TS17004: Cannot use JSX unless the '--jsx' flag is provided.
src/pages/admin/AdminEmailTemplatesPage.tsx(1195,45): error TS17004: Cannot use JSX unless the '--jsx' flag is provided.
src/pages/admin/AdminEmailTemplatesPage.tsx(1199,37): error TS17004: Cannot use JSX unless the '--jsx' flag is provided.
src/pages/admin/AdminEmailTemplatesPage.tsx(1208,29): error TS17004: Cannot use JSX unless the '--jsx' flag is provided.
src/pages/admin/AdminEmailTemplatesPage.tsx(1209,33): error TS17004: Cannot use JSX unless the '--jsx' flag is provided.
src/pages/admin/AdminEmailTemplatesPage.tsx(1210,33): error TS17004: Cannot use JSX unless the '--jsx' flag is provided.
src/pages/admin/AdminEmailTemplatesPage.tsx(1215,21): error TS17004: Cannot use JSX unless the '--jsx' flag is provided.
src/pages/admin/AdminEmailTemplatesPage.tsx(1225,25): error TS17004: Cannot use JSX unless the '--jsx' flag is provided.
src/pages/admin/AdminEmailTemplatesPage.tsx(1226,29): error TS17004: Cannot use JSX unless the '--jsx' flag is provided.
src/pages/admin/AdminEmailTemplatesPage.tsx(1227,33): error TS17004: Cannot use JSX unless the '--jsx' flag is provided.
src/pages/admin/AdminEmailTemplatesPage.tsx(1230,33): error TS17004: Cannot use JSX unless the '--jsx' flag is provided.
src/pages/admin/AdminEmailTemplatesPage.tsx(1238,29): error TS17004: Cannot use JSX unless the '--jsx' flag is provided.
src/pages/admin/AdminEmailTemplatesPage.tsx(1241,37): error TS17004: Cannot use JSX unless the '--jsx' flag is provided.
src/pages/admin/AdminEmailTemplatesPage.tsx(1245,41): error TS17004: Cannot use JSX unless the '--jsx' flag is provided.
src/pages/admin/AdminEmailTemplatesPage.tsx(1246,45): error TS17004: Cannot use JSX unless the '--jsx' flag is provided.
src/pages/admin/AdminEmailTemplatesPage.tsx(1248,41): error TS17004: Cannot use JSX unless the '--jsx' flag is provided.
src/pages/admin/AdminEmailTemplatesPage.tsx(1249,45): error TS17004: Cannot use JSX unless the '--jsx' flag is provided.
src/pages/admin/AdminEmailTemplatesPage.tsx(1259,45): error TS17004: Cannot use JSX unless the '--jsx' flag is provided.
src/pages/admin/AdminEmailTemplatesPage.tsx(1264,49): error TS17004: Cannot use JSX unless the '--jsx' flag is provided.
src/pages/admin/AdminEmailTemplatesPage.tsx(1265,53): error TS17004: Cannot use JSX unless the '--jsx' flag is provided.
src/pages/admin/AdminEmailTemplatesPage.tsx(1267,49): error TS17004: Cannot use JSX unless the '--jsx' flag is provided.
src/pages/admin/AdminEmailTemplatesPage.tsx(1268,53): error TS17004: Cannot use JSX unless the '--jsx' flag is provided.
src/pages/admin/AdminEmailTemplatesPage.tsx(1276,37): error TS17004: Cannot use JSX unless the '--jsx' flag is provided.
src/pages/admin/AdminEmailTemplatesPage.tsx(1277,41): error TS17004: Cannot use JSX unless the '--jsx' flag is provided.
src/pages/admin/AdminEmailTemplatesPage.tsx(1282,29): error TS17004: Cannot use JSX unless the '--jsx' flag is provided.
src/pages/admin/AdminEmailTemplatesPage.tsx(1283,33): error TS17004: Cannot use JSX unless the '--jsx' flag is provided.
src/pages/admin/AdminEmailTemplatesPage.tsx(1288,33): error TS17004: Cannot use JSX unless the '--jsx' flag is provided.
src/pages/admin/AdminEmailTemplatesPage.tsx(1302,17): error TS17004: Cannot use JSX unless the '--jsx' flag is provided.
src/pages/admin/AdminEmailTemplatesPage.tsx(1303,21): error TS17004: Cannot use JSX unless the '--jsx' flag is provided.
src/pages/admin/AdminEmailTemplatesPage.tsx(1304,25): error TS17004: Cannot use JSX unless the '--jsx' flag is provided.
src/pages/admin/AdminEmailTemplatesPage.tsx(1305,29): error TS17004: Cannot use JSX unless the '--jsx' flag is provided.
src/pages/admin/AdminEmailTemplatesPage.tsx(1306,33): error TS17004: Cannot use JSX unless the '--jsx' flag is provided.
src/pages/admin/AdminEmailTemplatesPage.tsx(1308,29): error TS17004: Cannot use JSX unless the '--jsx' flag is provided.
src/pages/admin/AdminEmailTemplatesPage.tsx(1310,25): error TS17004: Cannot use JSX unless the '--jsx' flag is provided.
src/pages/admin/AdminEmailTemplatesPage.tsx(1312,33): error TS17004: Cannot use JSX unless the '--jsx' flag is provided.
src/pages/admin/AdminEmailTemplatesPage.tsx(1317,47): error TS17004: Cannot use JSX unless the '--jsx' flag is provided.
src/pages/admin/AdminEmailTemplatesPage.tsx(1323,29): error TS17004: Cannot use JSX unless the '--jsx' flag is provided.
src/pages/admin/AdminEmailTemplatesPage.tsx(1324,29): error TS17004: Cannot use JSX unless the '--jsx' flag is provided.
src/pages/admin/AdminEmailTemplatesPage.tsx(1324,89): error TS17004: Cannot use JSX unless the '--jsx' flag is provided.
src/pages/admin/AdminEmailTemplatesPage.tsx(1329,21): error TS17004: Cannot use JSX unless the '--jsx' flag is provided.
src/pages/admin/AdminEmailTemplatesPage.tsx(1331,25): error TS17004: Cannot use JSX unless the '--jsx' flag is provided.
src/pages/admin/AdminEmailTemplatesPage.tsx(1332,29): error TS17004: Cannot use JSX unless the '--jsx' flag is provided.
src/pages/admin/AdminEmailTemplatesPage.tsx(1333,33): error TS17004: Cannot use JSX unless the '--jsx' flag is provided.
src/pages/admin/AdminEmailTemplatesPage.tsx(1334,37): error TS17004: Cannot use JSX unless the '--jsx' flag is provided.
src/pages/admin/AdminEmailTemplatesPage.tsx(1335,41): error TS17004: Cannot use JSX unless the '--jsx' flag is provided.
src/pages/admin/AdminEmailTemplatesPage.tsx(1341,55): error TS17004: Cannot use JSX unless the '--jsx' flag is provided.
src/pages/admin/AdminEmailTemplatesPage.tsx(1343,49): error TS17004: Cannot use JSX unless the '--jsx' flag is provided.
src/pages/admin/AdminEmailTemplatesPage.tsx(1344,53): error TS17004: Cannot use JSX unless the '--jsx' flag is provided.
src/pages/admin/AdminEmailTemplatesPage.tsx(1366,57): error TS17004: Cannot use JSX unless the '--jsx' flag is provided.
src/pages/admin/AdminEmailTemplatesPage.tsx(1367,57): error TS17004: Cannot use JSX unless the '--jsx' flag is provided.
src/pages/admin/AdminEmailTemplatesPage.tsx(1368,57): error TS17004: Cannot use JSX unless the '--jsx' flag is provided.
src/pages/admin/AdminEmailTemplatesPage.tsx(1371,57): error TS17004: Cannot use JSX unless the '--jsx' flag is provided.
src/pages/admin/AdminEmailTemplatesPage.tsx(1378,37): error TS17004: Cannot use JSX unless the '--jsx' flag is provided.
src/pages/admin/AdminEmailTemplatesPage.tsx(1379,41): error TS17004: Cannot use JSX unless the '--jsx' flag is provided.
src/pages/admin/AdminEmailTemplatesPage.tsx(1380,45): error TS17004: Cannot use JSX unless the '--jsx' flag is provided.
src/pages/admin/AdminEmailTemplatesPage.tsx(1381,49): error TS17004: Cannot use JSX unless the '--jsx' flag is provided.
src/pages/admin/AdminEmailTemplatesPage.tsx(1384,45): error TS17004: Cannot use JSX unless the '--jsx' flag is provided.
src/pages/admin/AdminEmailTemplatesPage.tsx(1387,53): error TS17004: Cannot use JSX unless the '--jsx' flag is provided.
src/pages/admin/AdminEmailTemplatesPage.tsx(1388,57): error TS17004: Cannot use JSX unless the '--jsx' flag is provided.
src/pages/admin/AdminEmailTemplatesPage.tsx(1411,61): error TS17004: Cannot use JSX unless the '--jsx' flag is provided.
src/pages/admin/AdminEmailTemplatesPage.tsx(1412,61): error TS17004: Cannot use JSX unless the '--jsx' flag is provided.
src/pages/admin/AdminEmailTemplatesPage.tsx(1413,61): error TS17004: Cannot use JSX unless the '--jsx' flag is provided.
src/pages/admin/AdminEmailTemplatesPage.tsx(1416,61): error TS17004: Cannot use JSX unless the '--jsx' flag is provided.
src/pages/admin/AdminEmailTemplatesPage.tsx(1417,65): error TS17004: Cannot use JSX unless the '--jsx' flag is provided.
src/pages/admin/AdminEmailTemplatesPage.tsx(1423,49): error TS17004: Cannot use JSX unless the '--jsx' flag is provided.
src/pages/admin/AdminEmailTemplatesPage.tsx(1446,53): error TS17004: Cannot use JSX unless the '--jsx' flag is provided.
src/pages/admin/AdminEmailTemplatesPage.tsx(1447,53): error TS17004: Cannot use JSX unless the '--jsx' flag is provided.
src/pages/admin/AdminEmailTemplatesPage.tsx(1448,53): error TS17004: Cannot use JSX unless the '--jsx' flag is provided.
src/pages/admin/AdminEmailTemplatesPage.tsx(1451,53): error TS17004: Cannot use JSX unless the '--jsx' flag is provided.
src/pages/admin/AdminEmailTemplatesPage.tsx(1452,57): error TS17004: Cannot use JSX unless the '--jsx' flag is provided.
src/pages/admin/AdminEmailTemplatesPage.tsx(1458,41): error TS17004: Cannot use JSX unless the '--jsx' flag is provided.
src/pages/admin/AdminEmailTemplatesPage.tsx(1493,25): error TS17004: Cannot use JSX unless the '--jsx' flag is provided.
src/pages/admin/AdminEmailTemplatesPage.tsx(1494,29): error TS17004: Cannot use JSX unless the '--jsx' flag is provided.
src/pages/admin/AdminEmailTemplatesPage.tsx(1495,33): error TS17004: Cannot use JSX unless the '--jsx' flag is provided.
src/pages/admin/AdminEmailTemplatesPage.tsx(1497,37): error TS17004: Cannot use JSX unless the '--jsx' flag is provided.
src/pages/admin/AdminEmailTemplatesPage.tsx(1498,41): error TS17004: Cannot use JSX unless the '--jsx' flag is provided.
src/pages/admin/AdminEmailTemplatesPage.tsx(1499,45): error TS17004: Cannot use JSX unless the '--jsx' flag is provided.
src/pages/admin/AdminEmailTemplatesPage.tsx(1501,41): error TS17004: Cannot use JSX unless the '--jsx' flag is provided.
src/pages/admin/AdminEmailTemplatesPage.tsx(1502,45): error TS17004: Cannot use JSX unless the '--jsx' flag is provided.
src/pages/admin/AdminEmailTemplatesPage.tsx(1503,49): error TS17004: Cannot use JSX unless the '--jsx' flag is provided.
src/pages/admin/AdminEmailTemplatesPage.tsx(1504,53): error TS17004: Cannot use JSX unless the '--jsx' flag is provided.
src/pages/admin/AdminEmailTemplatesPage.tsx(1514,53): error TS17004: Cannot use JSX unless the '--jsx' flag is provided.
src/pages/admin/AdminEmailTemplatesPage.tsx(1518,49): error TS17004: Cannot use JSX unless the '--jsx' flag is provided.
src/pages/admin/AdminEmailTemplatesPage.tsx(1526,37): error TS17004: Cannot use JSX unless the '--jsx' flag is provided.
src/pages/admin/AdminEmailTemplatesPage.tsx(1527,41): error TS17004: Cannot use JSX unless the '--jsx' flag is provided.
src/pages/admin/AdminEmailTemplatesPage.tsx(1528,45): error TS17004: Cannot use JSX unless the '--jsx' flag is provided.
src/pages/admin/AdminEmailTemplatesPage.tsx(1531,41): error TS17004: Cannot use JSX unless the '--jsx' flag is provided.
src/pages/admin/AdminEmailTemplatesPage.tsx(1532,45): error TS17004: Cannot use JSX unless the '--jsx' flag is provided.
src/pages/admin/AdminEmailTemplatesPage.tsx(1533,49): error TS17004: Cannot use JSX unless the '--jsx' flag is provided.
src/pages/admin/AdminEmailTemplatesPage.tsx(1534,53): error TS17004: Cannot use JSX unless the '--jsx' flag is provided.
src/pages/admin/AdminEmailTemplatesPage.tsx(1535,53): error TS17004: Cannot use JSX unless the '--jsx' flag is provided.
src/pages/admin/AdminEmailTemplatesPage.tsx(1543,57): error TS17004: Cannot use JSX unless the '--jsx' flag is provided.
src/pages/admin/AdminEmailTemplatesPage.tsx(1544,61): error TS17004: Cannot use JSX unless the '--jsx' flag is provided.
src/pages/admin/AdminEmailTemplatesPage.tsx(1551,53): error TS17004: Cannot use JSX unless the '--jsx' flag is provided.
src/pages/admin/AdminEmailTemplatesPage.tsx(1553,61): error TS17004: Cannot use JSX unless the '--jsx' flag is provided.
src/pages/admin/AdminEmailTemplatesPage.tsx(1562,65): error TS17004: Cannot use JSX unless the '--jsx' flag is provided.
src/pages/admin/AdminEmailTemplatesPage.tsx(1563,69): error TS17004: Cannot use JSX unless the '--jsx' flag is provided.
src/pages/admin/AdminEmailTemplatesPage.tsx(1565,65): error TS17004: Cannot use JSX unless the '--jsx' flag is provided.
src/pages/admin/AdminEmailTemplatesPage.tsx(1566,69): error TS17004: Cannot use JSX unless the '--jsx' flag is provided.
src/pages/admin/AdminEmailTemplatesPage.tsx(1567,69): error TS17004: Cannot use JSX unless the '--jsx' flag is provided.
src/pages/admin/AdminEmailTemplatesPage.tsx(1576,49): error TS17004: Cannot use JSX unless the '--jsx' flag is provided.
src/pages/admin/AdminEmailTemplatesPage.tsx(1577,53): error TS17004: Cannot use JSX unless the '--jsx' flag is provided.
src/pages/admin/AdminEmailTemplatesPage.tsx(1578,57): error TS17004: Cannot use JSX unless the '--jsx' flag is provided.
src/pages/admin/AdminEmailTemplatesPage.tsx(1579,61): error TS17004: Cannot use JSX unless the '--jsx' flag is provided.
src/pages/admin/AdminEmailTemplatesPage.tsx(1580,61): error TS17004: Cannot use JSX unless the '--jsx' flag is provided.
src/pages/admin/AdminEmailTemplatesPage.tsx(1582,57): error TS17004: Cannot use JSX unless the '--jsx' flag is provided.
src/pages/admin/AdminEmailTemplatesPage.tsx(1589,53): error TS17004: Cannot use JSX unless the '--jsx' flag is provided.
src/pages/admin/AdminEmailTemplatesPage.tsx(1594,67): error TS17004: Cannot use JSX unless the '--jsx' flag is provided.
src/pages/admin/AdminEmailTemplatesPage.tsx(1604,37): error TS17004: Cannot use JSX unless the '--jsx' flag is provided.
src/pages/admin/AdminEmailTemplatesPage.tsx(1605,41): error TS17004: Cannot use JSX unless the '--jsx' flag is provided.
src/pages/admin/AdminEmailTemplatesPage.tsx(1606,45): error TS17004: Cannot use JSX unless the '--jsx' flag is provided.
src/pages/admin/AdminEmailTemplatesPage.tsx(1608,41): error TS17004: Cannot use JSX unless the '--jsx' flag is provided.
src/pages/admin/AdminEmailTemplatesPage.tsx(1610,49): error TS17004: Cannot use JSX unless the '--jsx' flag is provided.
src/pages/admin/AdminEmailTemplatesPage.tsx(1614,53): error TS17004: Cannot use JSX unless the '--jsx' flag is provided.
src/pages/admin/AdminEmailTemplatesPage.tsx(1623,29): error TS17004: Cannot use JSX unless the '--jsx' flag is provided.
src/pages/admin/AdminEmailTemplatesPage.tsx(1635,33): error TS17004: Cannot use JSX unless the '--jsx' flag is provided.
src/pages/admin/AdminEmailTemplatesPage.tsx(1636,33): error TS17004: Cannot use JSX unless the '--jsx' flag is provided.
src/pages/admin/AdminEmailTemplatesPage.tsx(1644,21): error TS17004: Cannot use JSX unless the '--jsx' flag is provided.
src/pages/admin/AdminEmailTemplatesPage.tsx(1645,25): error TS17004: Cannot use JSX unless the '--jsx' flag is provided.
src/pages/admin/AdminEmailTemplatesPage.tsx(1646,29): error TS17004: Cannot use JSX unless the '--jsx' flag is provided.
src/pages/admin/AdminEmailTemplatesPage.tsx(1647,33): error TS17004: Cannot use JSX unless the '--jsx' flag is provided.
src/pages/admin/AdminEmailTemplatesPage.tsx(1648,37): error TS17004: Cannot use JSX unless the '--jsx' flag is provided.
src/pages/admin/AdminEmailTemplatesPage.tsx(1650,33): error TS17004: Cannot use JSX unless the '--jsx' flag is provided.
src/pages/admin/AdminEmailTemplatesPage.tsx(1654,29): error TS17004: Cannot use JSX unless the '--jsx' flag is provided.
src/pages/admin/AdminEmailTemplatesPage.tsx(1655,33): error TS17004: Cannot use JSX unless the '--jsx' flag is provided.
src/pages/admin/AdminEmailTemplatesPage.tsx(1672,37): error TS17004: Cannot use JSX unless the '--jsx' flag is provided.
src/pages/admin/AdminEmailTemplatesPage.tsx(1672,180): error TS17004: Cannot use JSX unless the '--jsx' flag is provided.
src/pages/admin/AdminEmailTemplatesPage.tsx(1672,237): error TS17004: Cannot use JSX unless the '--jsx' flag is provided.
src/pages/admin/AdminEmailTemplatesPage.tsx(1674,33): error TS17004: Cannot use JSX unless the '--jsx' flag is provided.
src/pages/admin/AdminEmailTemplatesPage.tsx(1691,37): error TS17004: Cannot use JSX unless the '--jsx' flag is provided.
src/pages/admin/AdminEmailTemplatesPage.tsx(1691,180): error TS17004: Cannot use JSX unless the '--jsx' flag is provided.
src/pages/admin/AdminEmailTemplatesPage.tsx(1691,237): error TS17004: Cannot use JSX unless the '--jsx' flag is provided.
src/pages/admin/AdminEmailTemplatesPage.tsx(1693,33): error TS17004: Cannot use JSX unless the '--jsx' flag is provided.
src/pages/admin/AdminEmailTemplatesPage.tsx(1710,37): error TS17004: Cannot use JSX unless the '--jsx' flag is provided.
src/pages/admin/AdminEmailTemplatesPage.tsx(1710,180): error TS17004: Cannot use JSX unless the '--jsx' flag is provided.
src/pages/admin/AdminEmailTemplatesPage.tsx(1710,237): error TS17004: Cannot use JSX unless the '--jsx' flag is provided.
src/pages/admin/AdminEmailTemplatesPage.tsx(1710,276): error TS17004: Cannot use JSX unless the '--jsx' flag is provided.
src/pages/admin/AdminEmailTemplatesPage.tsx(1716,25): error TS17004: Cannot use JSX unless the '--jsx' flag is provided.
src/pages/admin/AdminEmailTemplatesPage.tsx(1729,29): error TS17004: Cannot use JSX unless the '--jsx' flag is provided.
src/pages/admin/AdminEmailTemplatesPage.tsx(1742,33): error TS17004: Cannot use JSX unless the '--jsx' flag is provided.
src/pages/admin/AdminEmailTemplatesPage.tsx(1744,37): error TS17004: Cannot use JSX unless the '--jsx' flag is provided.
src/pages/admin/AdminEmailTemplatesPage.tsx(1745,41): error TS17004: Cannot use JSX unless the '--jsx' flag is provided.
src/pages/admin/AdminEmailTemplatesPage.tsx(1746,41): error TS17004: Cannot use JSX unless the '--jsx' flag is provided.
src/pages/admin/AdminEmailTemplatesPage.tsx(1747,45): error TS17004: Cannot use JSX unless the '--jsx' flag is provided.
src/pages/admin/AdminEmailTemplatesPage.tsx(1748,45): error TS17004: Cannot use JSX unless the '--jsx' flag is provided.
src/pages/admin/AdminEmailTemplatesPage.tsx(1749,45): error TS17004: Cannot use JSX unless the '--jsx' flag is provided.
src/pages/admin/AdminEmailTemplatesPage.tsx(1754,37): error TS17004: Cannot use JSX unless the '--jsx' flag is provided.
src/pages/admin/AdminEmailTemplatesPage.tsx(1755,41): error TS17004: Cannot use JSX unless the '--jsx' flag is provided.
src/pages/admin/AdminEmailTemplatesPage.tsx(1756,45): error TS17004: Cannot use JSX unless the '--jsx' flag is provided.
src/pages/admin/AdminEmailTemplatesPage.tsx(1757,45): error TS17004: Cannot use JSX unless the '--jsx' flag is provided.
src/pages/admin/AdminEmailTemplatesPage.tsx(1757,131): error TS17004: Cannot use JSX unless the '--jsx' flag is provided.
src/pages/admin/AdminEmailTemplatesPage.tsx(1759,41): error TS17004: Cannot use JSX unless the '--jsx' flag is provided.
src/pages/admin/AdminEmailTemplatesPage.tsx(1760,45): error TS17004: Cannot use JSX unless the '--jsx' flag is provided.
src/pages/admin/AdminEmailTemplatesPage.tsx(1761,45): error TS17004: Cannot use JSX unless the '--jsx' flag is provided.
src/pages/admin/AdminEmailTemplatesPage.tsx(1761,126): error TS17004: Cannot use JSX unless the '--jsx' flag is provided.
src/pages/admin/AdminEmailTemplatesPage.tsx(1763,41): error TS17004: Cannot use JSX unless the '--jsx' flag is provided.
src/pages/admin/AdminEmailTemplatesPage.tsx(1764,45): error TS17004: Cannot use JSX unless the '--jsx' flag is provided.
src/pages/admin/AdminEmailTemplatesPage.tsx(1765,45): error TS17004: Cannot use JSX unless the '--jsx' flag is provided.
src/pages/admin/AdminEmailTemplatesPage.tsx(1771,33): error TS17004: Cannot use JSX unless the '--jsx' flag is provided.
src/pages/admin/AdminEmailTemplatesPage.tsx(1796,13): error TS17004: Cannot use JSX unless the '--jsx' flag is provided.
src/pages/admin/AdminEmailTemplatesPage.tsx(1805,17): error TS17004: Cannot use JSX unless the '--jsx' flag is provided.
src/pages/admin/AdminEmailTemplatesPage.tsx(1806,21): error TS17004: Cannot use JSX unless the '--jsx' flag is provided.
src/pages/admin/AdminEmailTemplatesPage.tsx(1807,25): error TS17004: Cannot use JSX unless the '--jsx' flag is provided.
src/pages/admin/AdminEmailTemplatesPage.tsx(1816,25): error TS17004: Cannot use JSX unless the '--jsx' flag is provided.
src/pages/admin/AdminEmailTemplatesPage.tsx(1817,29): error TS17004: Cannot use JSX unless the '--jsx' flag is provided.
src/pages/admin/AdminEmailTemplatesPage.tsx(1818,29): error TS17004: Cannot use JSX unless the '--jsx' flag is provided.
src/pages/admin/AdminEmailTemplatesPage.tsx(1819,33): error TS17004: Cannot use JSX unless the '--jsx' flag is provided.
src/pages/admin/AdminEmailTemplatesPage.tsx(1823,25): error TS17004: Cannot use JSX unless the '--jsx' flag is provided.
src/pages/admin/AdminEmailTemplatesPage.tsx(1824,29): error TS17004: Cannot use JSX unless the '--jsx' flag is provided.
src/pages/admin/AdminEmailTemplatesPage.tsx(1825,29): error TS17004: Cannot use JSX unless the '--jsx' flag is provided.
src/pages/admin/AdminEmailTemplatesPage.tsx(1837,33): error TS17004: Cannot use JSX unless the '--jsx' flag is provided.
src/pages/admin/AdminEmailTemplatesPage.tsx(1838,33): error TS17004: Cannot use JSX unless the '--jsx' flag is provided.
src/pages/admin/AdminEmailTemplatesPage.tsx(1839,33): error TS17004: Cannot use JSX unless the '--jsx' flag is provided.
src/pages/admin/AdminEmailTemplatesPage.tsx(1840,33): error TS17004: Cannot use JSX unless the '--jsx' flag is provided.
src/pages/admin/AdminEmailTemplatesPage.tsx(1841,33): error TS17004: Cannot use JSX unless the '--jsx' flag is provided.
src/pages/admin/AdminEmailTemplatesPage.tsx(1842,33): error TS17004: Cannot use JSX unless the '--jsx' flag is provided.
src/pages/admin/AdminEmailTemplatesPage.tsx(1843,33): error TS17004: Cannot use JSX unless the '--jsx' flag is provided.
src/pages/admin/AdminEmailTemplatesPage.tsx(1845,29): error TS17004: Cannot use JSX unless the '--jsx' flag is provided.
src/pages/admin/AdminEmailTemplatesPage.tsx(1849,25): error TS17004: Cannot use JSX unless the '--jsx' flag is provided.
src/pages/admin/AdminEmailTemplatesPage.tsx(1856,21): error TS17004: Cannot use JSX unless the '--jsx' flag is provided.
src/pages/admin/AdminEmailTemplatesPage.tsx(1857,25): error TS17004: Cannot use JSX unless the '--jsx' flag is provided.
src/pages/admin/AdminEmailTemplatesPage.tsx(1861,25): error TS17004: Cannot use JSX unless the '--jsx' flag is provided.
src/pages/admin/AdminEmailTemplatesPage.tsx(1866,13): error TS17004: Cannot use JSX unless the '--jsx' flag is provided.
src/pages/admin/AdminEmailTemplatesPage.tsx(1875,17): error TS17004: Cannot use JSX unless the '--jsx' flag is provided.
src/pages/admin/AdminEmailTemplatesPage.tsx(1876,21): error TS17004: Cannot use JSX unless the '--jsx' flag is provided.
src/pages/admin/AdminEmailTemplatesPage.tsx(1882,21): error TS17004: Cannot use JSX unless the '--jsx' flag is provided.
src/pages/admin/AdminEmailTemplatesPage.tsx(1888,21): error TS17004: Cannot use JSX unless the '--jsx' flag is provided.
src/pages/admin/AdminEmailTemplatesPage.tsx(1889,25): error TS17004: Cannot use JSX unless the '--jsx' flag is provided.
src/pages/admin/AdminEmailTemplatesPage.tsx(1893,25): error TS17004: Cannot use JSX unless the '--jsx' flag is provided.
src/pages/admin/AdminEmailTemplatesPage.tsx(1898,13): error TS17004: Cannot use JSX unless the '--jsx' flag is provided.
src/pages/admin/AdminEmailTemplatesPage.tsx(1913,13): error TS17004: Cannot use JSX unless the '--jsx' flag is provided.
